// Jest Snapshot v1, https://goo.gl/fbAQLP

exports[`Bar 1`] = `
<div>
  <div>
    hello Bar!
    <div>
      Hello! 
    </div>
  </div>
</div>
`;
